2026-04-15 14:10:33:1033 [32minfo[39m: [32m🚀 Servidor executando na porta 3000}[39m
2026-04-15 14:10:42:1042 [32minfo[39m: [32m🚀 Servidor executando na porta 3000}[39m
2026-04-15 14:11:01:111 [35mhttp[39m: [35mGET / 404 139 - 1.845 ms[39m
2026-04-24 14:17:47:1747 [32minfo[39m: [32m🚀 Servidor executando na porta 3000}[39m
2026-04-24 14:19:52:1952 [32minfo[39m: [32m🚀 Servidor executando na porta 3000}[39m
2026-04-24 14:52:42:5242 [35mhttp[39m: [35mGET / 404 139 - 2.001 ms[39m
2026-04-24 15:17:20:1720 [32minfo[39m: [32m🚀 Servidor executando na porta 3000}[39m
2026-04-24 15:17:29:1729 [32minfo[39m: [32m🚀 Servidor executando na porta 3000}[39m
2026-04-24 15:17:34:1734 [32minfo[39m: [32m🚀 Servidor executando na porta 3000}[39m
2026-04-24 15:17:36:1736 [32minfo[39m: [32m🚀 Servidor executando na porta 3000}[39m
2026-04-24 15:17:38:1738 [32minfo[39m: [32m🚀 Servidor executando na porta 3000}[39m
2026-04-24 15:17:40:1740 [32minfo[39m: [32m🚀 Servidor executando na porta 3000}[39m
2026-04-24 15:17:44:1744 [32minfo[39m: [32m🚀 Servidor executando na porta 3000}[39m
2026-04-24 15:17:48:1748 [32minfo[39m: [32m🚀 Servidor executando na porta 3000}[39m
2026-04-24 15:17:56:1756 [32minfo[39m: [32m🚀 Servidor executando na porta 3000}[39m
2026-04-24 15:18:24:1824 [32minfo[39m: [32m🚀 Servidor executando na porta 3000}[39m
2026-04-24 15:18:32:1832 [32minfo[39m: [32m🚀 Servidor executando na porta 3000}[39m
2026-04-24 15:19:02:192 [32minfo[39m: [32m🚀 Servidor executando na porta 3000}[39m
2026-04-24 15:19:28:1928 [32minfo[39m: [32m🚀 Servidor executando na porta 3000}[39m
2026-04-24 15:19:32:1932 [32minfo[39m: [32m🚀 Servidor executando na porta 3000}[39m
2026-04-24 15:19:42:1942 [32minfo[39m: [32m🚀 Servidor executando na porta 3000}[39m
2026-04-24 15:19:56:1956 [32minfo[39m: [32m🚀 Servidor executando na porta 3000}[39m
2026-04-24 15:20:03:203 [32minfo[39m: [32m🚀 Servidor executando na porta 3000}[39m
2026-04-24 15:20:27:2027 [32minfo[39m: [32m🚀 Servidor executando na porta 3000}[39m
2026-04-24 15:20:39:2039 [32minfo[39m: [32m🚀 Servidor executando na porta 3000}[39m
2026-04-24 15:21:00:210 [32minfo[39m: [32m🚀 Servidor executando na porta 3000}[39m
2026-04-24 15:21:24:2124 [32minfo[39m: [32m🚀 Servidor executando na porta 3000}[39m
2026-04-24 15:21:38:2138 [32minfo[39m: [32m🚀 Servidor executando na porta 3000}[39m
2026-04-24 15:21:43:2143 [32minfo[39m: [32m🚀 Servidor executando na porta 3000}[39m
2026-04-24 15:23:57:2357 [32minfo[39m: [32m🚀 Servidor executando na porta 3000}[39m
2026-04-24 15:23:59:2359 [32minfo[39m: [32m🚀 Servidor executando na porta 3000}[39m
2026-04-24 15:24:04:244 [32minfo[39m: [32m🚀 Servidor executando na porta 3000}[39m
2026-04-24 15:24:06:246 [32minfo[39m: [32m🚀 Servidor executando na porta 3000}[39m
2026-04-24 15:24:14:2414 [32minfo[39m: [32m🚀 Servidor executando na porta 3000}[39m
2026-04-24 15:24:15:2415 [32minfo[39m: [32m🚀 Servidor executando na porta 3000}[39m
2026-04-24 15:25:42:2542 [32minfo[39m: [32m🚀 Servidor a correr na porta 3000[39m
2026-04-24 16:38:38:3838 [32minfo[39m: [32m🚀 Servidor a correr na porta 3000[39m
2026-04-24 16:38:40:3840 [32minfo[39m: [32m🚀 Servidor a correr na porta 3000[39m
2026-04-24 16:44:59:4459 [35mhttp[39m: [35mPOST / 404 140 - 1.748 ms[39m
2026-04-24 16:45:08:458 [35mhttp[39m: [35mPOST /users 404 145 - 0.289 ms[39m
2026-04-24 16:45:09:459 [35mhttp[39m: [35mPOST /users 404 145 - 0.209 ms[39m
2026-04-24 16:55:46:5546 [32minfo[39m: [32m🚀 Servidor a correr na porta 3000[39m
2026-04-24 16:59:00:590 [32minfo[39m: [32mUsuário Gustavo criado com sucesso![39m
2026-04-24 16:59:00:590 [35mhttp[39m: [35mPOST /users 201 92 - 57.363 ms[39m
2026-04-27 13:51:54:5154 [32minfo[39m: [32m🚀 Servidor a correr na porta 3000[39m
2026-04-27 13:52:09:529 [35mhttp[39m: [35mGET / 404 139 - 1.855 ms[39m
2026-04-27 14:11:27:1127 [31merror[39m: [31mErro ao criar usuário: PrismaClientKnownRequestError: [39m
[31mInvalid `prisma.user.create()` invocation in[39m
[31mC:\Users\gustavo.mlima10\OneDrive - SENAC - SP\Documentos\api-gustavo\express-api\src\services\user.services.ts:6:36[39m

[31m  3 [39m
[31m  4 export const createUser = async (name: string, email: string, password: string) => {[39m
[31m  5     const hashedPassword = await bcrypt.hash(password, 10);[39m
[31m→ 6     const user = await prisma.user.create([39m
[31mUnique constraint failed on the fields: (`email`)[39m
2026-04-27 14:11:27:1127 [35mhttp[39m: [35mPOST /users 500 35 - 77.148 ms[39m
2026-04-27 14:11:41:1141 [35mhttp[39m: [35mGET /users 200 55 - 3.773 ms[39m
2026-04-27 14:17:54:1754 [35mhttp[39m: [35mPUT /users 404 144 - 0.242 ms[39m
2026-04-27 14:18:21:1821 [35mhttp[39m: [35mPUT /users 404 144 - 0.111 ms[39m
2026-04-27 14:18:22:1822 [35mhttp[39m: [35mPUT /users 404 144 - 0.087 ms[39m
2026-04-27 14:18:37:1837 [35mhttp[39m: [35mPUT /users 404 144 - 0.104 ms[39m
2026-04-27 14:21:51:2151 [35mhttp[39m: [35mPUT /users/1 200 96 - 26.712 ms[39m
2026-04-27 14:25:09:259 [35mhttp[39m: [35mGET /users/1 200 57 - 3.669 ms[39m
2026-04-27 14:25:15:2515 [35mhttp[39m: [35mGET /users/1 200 57 - 1.742 ms[39m
2026-04-27 14:25:21:2521 [35mhttp[39m: [35mPOST /users/1 404 147 - 0.148 ms[39m
2026-04-27 14:25:25:2525 [35mhttp[39m: [35mGET /users/1 200 57 - 3.196 ms[39m
2026-04-27 14:25:46:2546 [35mhttp[39m: [35mGET /users/1 200 57 - 2.598 ms[39m
2026-04-27 14:25:47:2547 [35mhttp[39m: [35mGET /users/1 200 57 - 2.021 ms[39m
2026-04-27 14:25:56:2556 [35mhttp[39m: [35mGET /users/1 200 57 - 1.935 ms[39m
2026-04-27 14:25:57:2557 [35mhttp[39m: [35mGET /users/1 200 57 - 1.793 ms[39m
2026-04-27 14:26:22:2622 [35mhttp[39m: [35mGET /users 200 59 - 3.088 ms[39m
2026-04-27 14:26:36:2636 [35mhttp[39m: [35mGET /users 200 59 - 1.398 ms[39m
2026-04-27 14:26:43:2643 [35mhttp[39m: [35mGET /users 200 59 - 1.908 ms[39m
2026-04-27 14:26:43:2643 [35mhttp[39m: [35mGET /users 200 59 - 1.607 ms[39m
2026-04-27 14:26:43:2643 [35mhttp[39m: [35mGET /users 200 59 - 1.390 ms[39m
2026-04-27 14:26:43:2643 [35mhttp[39m: [35mGET /users 200 59 - 1.522 ms[39m
2026-04-27 14:27:04:274 [35mhttp[39m: [35mGET /users 200 59 - 16.047 ms[39m
2026-04-27 14:27:05:275 [35mhttp[39m: [35mGET /users 200 59 - 1.474 ms[39m
2026-04-27 14:27:05:275 [35mhttp[39m: [35mGET /users 200 59 - 1.568 ms[39m
2026-04-27 14:27:05:275 [35mhttp[39m: [35mGET /users 200 59 - 1.675 ms[39m
2026-04-27 14:27:05:275 [35mhttp[39m: [35mGET /users 200 59 - 1.591 ms[39m
2026-04-27 15:03:31:331 [32minfo[39m: [32m🚀 Servidor a correr na porta 3000[39m
2026-04-27 15:03:38:338 [32minfo[39m: [32m🚀 Servidor a correr na porta 3000[39m
2026-04-27 15:03:43:343 [32minfo[39m: [32m🚀 Servidor a correr na porta 3000[39m
2026-04-27 15:03:58:358 [32minfo[39m: [32m🚀 Servidor a correr na porta 3000[39m
2026-04-27 15:04:00:40 [32minfo[39m: [32m🚀 Servidor a correr na porta 3000[39m
2026-04-27 15:04:04:44 [32minfo[39m: [32m🚀 Servidor a correr na porta 3000[39m
2026-04-27 15:04:06:46 [32minfo[39m: [32m🚀 Servidor a correr na porta 3000[39m
2026-04-27 15:04:10:410 [32minfo[39m: [32m🚀 Servidor a correr na porta 3000[39m
2026-04-27 15:04:22:422 [32minfo[39m: [32m🚀 Servidor a correr na porta 3000[39m
2026-04-27 15:04:28:428 [32minfo[39m: [32m🚀 Servidor a correr na porta 3000[39m
2026-04-27 15:04:32:432 [32minfo[39m: [32m🚀 Servidor a correr na porta 3000[39m
2026-04-27 15:04:34:434 [32minfo[39m: [32m🚀 Servidor a correr na porta 3000[39m
2026-04-27 15:04:36:436 [32minfo[39m: [32m🚀 Servidor a correr na porta 3000[39m
2026-04-27 15:08:58:858 [32minfo[39m: [32m🚀 Servidor a correr na porta 3000[39m
2026-04-27 15:09:11:911 [32minfo[39m: [32m🚀 Servidor a correr na porta 3000[39m
2026-04-27 15:09:13:913 [32minfo[39m: [32m🚀 Servidor a correr na porta 3000[39m
2026-04-27 15:09:51:951 [32minfo[39m: [32m🚀 Servidor a correr na porta 3000[39m
2026-04-27 15:10:13:1013 [32minfo[39m: [32m🚀 Servidor a correr na porta 3000[39m
2026-04-27 15:10:41:1041 [32minfo[39m: [32m🚀 Servidor a correr na porta 3000[39m
2026-04-27 15:14:14:1414 [33mwarn[39m: [33mTentativa de envio de dados invalidos barrada pelo zod.[39m
2026-04-27 15:14:14:1414 [35mhttp[39m: [35mPOST /users 400 227 - 2.136 ms[39m
2026-04-27 15:14:36:1436 [32minfo[39m: [32mUsuário aluno1 criado com sucesso![39m
2026-04-27 15:14:36:1436 [35mhttp[39m: [35mPOST /users 201 89 - 51.676 ms[39m
2026-04-27 16:34:27:3427 [32minfo[39m: [32m🚀 Servidor a correr na porta 3000[39m
2026-04-27 16:44:34:4434 [32minfo[39m: [32m🚀 Servidor a correr na porta 3000[39m
2026-04-27 16:50:06:506 [32minfo[39m: [32m🚀 Servidor a correr na porta 3000[39m
2026-04-27 16:51:48:5148 [32minfo[39m: [32m🚀 Servidor a correr na porta 3000[39m
2026-04-27 16:51:51:5151 [32minfo[39m: [32m🚀 Servidor a correr na porta 3000[39m
2026-04-27 16:51:53:5153 [32minfo[39m: [32m🚀 Servidor a correr na porta 3000[39m
2026-04-27 16:51:56:5156 [32minfo[39m: [32m🚀 Servidor a correr na porta 3000[39m
2026-04-28 14:07:21:721 [32minfo[39m: [32m🚀 Servidor a correr na porta 3000[39m
2026-04-28 14:09:10:910 [32minfo[39m: [32mCliente Gustavo criado com sucesso![39m
2026-04-28 14:09:10:910 [35mhttp[39m: [35mPOST /clientes 201 84 - 21.532 ms[39m
2026-04-28 14:15:35:1535 [35mhttp[39m: [35mGET /clientes 200 86 - 23.817 ms[39m
2026-04-28 14:16:10:1610 [35mhttp[39m: [35mGET /clientes/1 200 84 - 3.701 ms[39m
2026-04-28 14:16:51:1651 [35mhttp[39m: [35mPOST /clientes/1 404 150 - 0.527 ms[39m
2026-04-28 14:16:56:1656 [31merror[39m: [31mErro ao criar cliente: PrismaClientKnownRequestError: [39m
[31mInvalid `prisma.cliente.create()` invocation in[39m
[31mC:\Users\gustavo.mlima10\OneDrive - SENAC - SP\Documentos\api-gustavo\express-api\src\services\cliente.services.ts:8:42[39m

[31m  5     cpf: string,[39m
[31m  6     email: string[39m
[31m  7 ) => {[39m
[31m→ 8     const cliente = await prisma.cliente.create([39m
[31mUnique constraint failed on the fields: (`cpf`)[39m
2026-04-28 14:16:56:1656 [35mhttp[39m: [35mPOST /clientes 500 33 - 9.247 ms[39m
2026-04-28 14:17:07:177 [32minfo[39m: [32mCliente Matheus criado com sucesso![39m
2026-04-28 14:17:07:177 [35mhttp[39m: [35mPOST /clientes 201 84 - 4.398 ms[39m
2026-04-28 14:18:14:1814 [35mhttp[39m: [35mGET /clientes 200 171 - 2.606 ms[39m
2026-04-28 14:18:36:1836 [35mhttp[39m: [35mGET /clientes/1 200 84 - 2.466 ms[39m
2026-04-28 14:19:37:1937 [35mhttp[39m: [35mGET /clientes/1 200 84 - 2.406 ms[39m
2026-04-28 14:20:06:206 [35mhttp[39m: [35mDELETE /clientes/1 200 43 - 5.173 ms[39m
2026-04-28 14:56:06:566 [35mhttp[39m: [35mGET /clientes 200 86 - 23.077 ms[39m
2026-04-28 14:56:37:5637 [33mwarn[39m: [33mTentativa de envio de dados invalidos barrada pelo zod.[39m
2026-04-28 14:56:37:5637 [35mhttp[39m: [35mPOST /clientes 400 219 - 0.772 ms[39m
2026-05-06 13:44:07:447 [32minfo[39m: [32m🚀 Servidor a correr na porta 3000[39m
2026-05-06 13:44:11:4411 [33mwarn[39m: [33mTentativa de envio de dados invalidos barrada pelo zod.[39m
2026-05-06 13:44:11:4411 [35mhttp[39m: [35mPOST /clientes 400 219 - 2.089 ms[39m
2026-05-06 13:44:28:4428 [31merror[39m: [31mErro ao criar cliente: PrismaClientKnownRequestError: [39m
[31mInvalid `prisma.cliente.create()` invocation in[39m
[31mC:\Users\gustavo.mlima10\OneDrive - SENAC - SP\Documentos\api-gustavo\express-api\src\services\cliente.services.ts:8:42[39m

[31m  5     cpf: string,[39m
[31m  6     email: string[39m
[31m  7 ) => {[39m
[31m→ 8     const cliente = await prisma.cliente.create([39m
[31mUnique constraint failed on the fields: (`cpf`)[39m
2026-05-06 13:44:28:4428 [35mhttp[39m: [35mPOST /clientes 500 33 - 29.167 ms[39m
2026-05-06 13:44:36:4436 [32minfo[39m: [32mCliente gustavo criado com sucesso![39m
2026-05-06 13:44:36:4436 [35mhttp[39m: [35mPOST /clientes 201 84 - 4.201 ms[39m
2026-05-06 13:44:41:4441 [35mhttp[39m: [35mGET /clientes 200 171 - 3.450 ms[39m
2026-05-06 14:49:33:4933 [32minfo[39m: [32m🚀 Servidor a correr na porta 3000[39m
2026-05-06 14:50:19:5019 [32minfo[39m: [32m🚀 Servidor a correr na porta 3000[39m
2026-05-06 14:50:22:5022 [32minfo[39m: [32m🚀 Servidor a correr na porta 3000[39m
2026-05-06 14:50:24:5024 [32minfo[39m: [32m🚀 Servidor a correr na porta 3000[39m
2026-05-06 14:50:25:5025 [32minfo[39m: [32m🚀 Servidor a correr na porta 3000[39m
2026-05-06 14:50:29:5029 [32minfo[39m: [32m🚀 Servidor a correr na porta 3000[39m
2026-05-06 14:50:33:5033 [32minfo[39m: [32m🚀 Servidor a correr na porta 3000[39m
2026-05-06 14:50:36:5036 [32minfo[39m: [32m🚀 Servidor a correr na porta 3000[39m
2026-05-06 14:50:37:5037 [32minfo[39m: [32m🚀 Servidor a correr na porta 3000[39m
2026-05-06 14:50:39:5039 [32minfo[39m: [32m🚀 Servidor a correr na porta 3000[39m
2026-05-06 14:50:56:5056 [32minfo[39m: [32m🚀 Servidor a correr na porta 3000[39m
2026-05-06 14:50:57:5057 [32minfo[39m: [32m🚀 Servidor a correr na porta 3000[39m
2026-05-06 14:51:01:511 [32minfo[39m: [32m🚀 Servidor a correr na porta 3000[39m
2026-05-06 14:51:08:518 [32minfo[39m: [32m🚀 Servidor a correr na porta 3000[39m
2026-05-06 14:51:11:5111 [32minfo[39m: [32m🚀 Servidor a correr na porta 3000[39m
2026-05-06 14:51:16:5116 [32minfo[39m: [32m🚀 Servidor a correr na porta 3000[39m
2026-05-06 14:51:25:5125 [32minfo[39m: [32m🚀 Servidor a correr na porta 3000[39m
2026-05-06 14:51:40:5140 [32minfo[39m: [32m🚀 Servidor a correr na porta 3000[39m
2026-05-06 14:51:47:5147 [32minfo[39m: [32m🚀 Servidor a correr na porta 3000[39m
2026-05-06 14:51:49:5149 [32minfo[39m: [32m🚀 Servidor a correr na porta 3000[39m
2026-05-06 14:51:55:5155 [32minfo[39m: [32m🚀 Servidor a correr na porta 3000[39m
2026-05-06 14:51:57:5157 [32minfo[39m: [32m🚀 Servidor a correr na porta 3000[39m
2026-05-06 14:52:00:520 [32minfo[39m: [32m🚀 Servidor a correr na porta 3000[39m
2026-05-06 14:52:09:529 [32minfo[39m: [32m🚀 Servidor a correr na porta 3000[39m
2026-05-06 14:53:07:537 [32minfo[39m: [32m🚀 Servidor a correr na porta 3000[39m
2026-05-06 14:53:30:5330 [32minfo[39m: [32m🚀 Servidor a correr na porta 3000[39m
2026-05-06 14:53:37:5337 [32minfo[39m: [32m🚀 Servidor a correr na porta 3000[39m
2026-05-06 14:54:25:5425 [32minfo[39m: [32m🚀 Servidor a correr na porta 3000[39m
2026-05-06 14:54:28:5428 [32minfo[39m: [32m🚀 Servidor a correr na porta 3000[39m
2026-05-06 14:54:35:5435 [32minfo[39m: [32m🚀 Servidor a correr na porta 3000[39m
2026-05-06 14:54:46:5446 [32minfo[39m: [32m🚀 Servidor a correr na porta 3000[39m
2026-05-06 14:54:53:5453 [32minfo[39m: [32m🚀 Servidor a correr na porta 3000[39m
2026-05-06 14:55:00:550 [32minfo[39m: [32m🚀 Servidor a correr na porta 3000[39m
2026-05-06 14:55:03:553 [32minfo[39m: [32m🚀 Servidor a correr na porta 3000[39m
2026-05-06 14:56:20:5620 [32minfo[39m: [32m🚀 Servidor a correr na porta 3000[39m
2026-05-06 14:56:41:5641 [35mhttp[39m: [35mGET /clientes 404 147 - 0.784 ms[39m
2026-05-06 14:57:18:5718 [35mhttp[39m: [35mGET /clientes 404 147 - 0.132 ms[39m
2026-05-06 14:57:27:5727 [35mhttp[39m: [35mGET /users 401 53 - 0.762 ms[39m
2026-05-06 15:00:20:020 [35mhttp[39m: [35mPOST / 404 140 - 0.146 ms[39m
2026-05-06 15:00:28:028 [33mwarn[39m: [33mTentativa de envio de dados invalidos barrada pelo zod.[39m
2026-05-06 15:00:28:028 [35mhttp[39m: [35mPOST /users 400 333 - 1.549 ms[39m
2026-05-06 15:01:10:110 [33mwarn[39m: [33mTentativa de envio de dados invalidos barrada pelo zod.[39m
2026-05-06 15:01:10:110 [35mhttp[39m: [35mPOST /users 400 188 - 0.537 ms[39m
2026-05-06 15:01:28:128 [33mwarn[39m: [33mTentativa de envio de dados invalidos barrada pelo zod.[39m
2026-05-06 15:01:28:128 [35mhttp[39m: [35mPOST /users 400 188 - 0.485 ms[39m
2026-05-06 15:01:29:129 [33mwarn[39m: [33mTentativa de envio de dados invalidos barrada pelo zod.[39m
2026-05-06 15:01:29:129 [35mhttp[39m: [35mPOST /users 400 188 - 0.440 ms[39m
2026-05-06 15:01:38:138 [33mwarn[39m: [33mTentativa de envio de dados invalidos barrada pelo zod.[39m
2026-05-06 15:01:38:138 [35mhttp[39m: [35mPOST /users 400 188 - 0.447 ms[39m
2026-05-06 15:01:38:138 [33mwarn[39m: [33mTentativa de envio de dados invalidos barrada pelo zod.[39m
2026-05-06 15:01:38:138 [35mhttp[39m: [35mPOST /users 400 188 - 0.399 ms[39m
2026-05-06 15:01:39:139 [33mwarn[39m: [33mTentativa de envio de dados invalidos barrada pelo zod.[39m
2026-05-06 15:01:39:139 [35mhttp[39m: [35mPOST /users 400 188 - 0.369 ms[39m
2026-05-06 15:01:39:139 [33mwarn[39m: [33mTentativa de envio de dados invalidos barrada pelo zod.[39m
2026-05-06 15:01:39:139 [35mhttp[39m: [35mPOST /users 400 188 - 0.467 ms[39m
2026-05-06 15:01:39:139 [33mwarn[39m: [33mTentativa de envio de dados invalidos barrada pelo zod.[39m
2026-05-06 15:01:39:139 [35mhttp[39m: [35mPOST /users 400 188 - 0.395 ms[39m
2026-05-06 15:01:53:153 [33mwarn[39m: [33mTentativa de envio de dados invalidos barrada pelo zod.[39m
2026-05-06 15:01:53:153 [35mhttp[39m: [35mPOST /users 400 188 - 0.398 ms[39m
2026-05-06 15:02:36:236 [33mwarn[39m: [33mTentativa de envio de dados invalidos barrada pelo zod.[39m
2026-05-06 15:02:36:236 [35mhttp[39m: [35mPOST /users 400 188 - 0.400 ms[39m
2026-05-06 15:02:37:237 [33mwarn[39m: [33mTentativa de envio de dados invalidos barrada pelo zod.[39m
2026-05-06 15:02:37:237 [35mhttp[39m: [35mPOST /users 400 188 - 0.337 ms[39m
2026-05-06 15:02:37:237 [33mwarn[39m: [33mTentativa de envio de dados invalidos barrada pelo zod.[39m
2026-05-06 15:02:37:237 [35mhttp[39m: [35mPOST /users 400 188 - 0.372 ms[39m
2026-05-06 15:02:37:237 [33mwarn[39m: [33mTentativa de envio de dados invalidos barrada pelo zod.[39m
2026-05-06 15:02:37:237 [35mhttp[39m: [35mPOST /users 400 188 - 0.494 ms[39m
2026-05-06 15:02:53:253 [33mwarn[39m: [33mTentativa de envio de dados invalidos barrada pelo zod.[39m
2026-05-06 15:02:53:253 [35mhttp[39m: [35mPOST /users 400 188 - 0.406 ms[39m
2026-05-06 15:02:54:254 [33mwarn[39m: [33mTentativa de envio de dados invalidos barrada pelo zod.[39m
2026-05-06 15:02:54:254 [35mhttp[39m: [35mPOST /users 400 188 - 0.368 ms[39m
2026-05-06 15:02:54:254 [33mwarn[39m: [33mTentativa de envio de dados invalidos barrada pelo zod.[39m
2026-05-06 15:02:54:254 [35mhttp[39m: [35mPOST /users 400 188 - 0.378 ms[39m
2026-05-06 15:02:54:254 [33mwarn[39m: [33mTentativa de envio de dados invalidos barrada pelo zod.[39m
2026-05-06 15:02:54:254 [35mhttp[39m: [35mPOST /users 400 188 - 0.428 ms[39m
2026-05-06 15:02:54:254 [33mwarn[39m: [33mTentativa de envio de dados invalidos barrada pelo zod.[39m
2026-05-06 15:02:54:254 [35mhttp[39m: [35mPOST /users 400 188 - 0.324 ms[39m
2026-05-06 15:02:54:254 [33mwarn[39m: [33mTentativa de envio de dados invalidos barrada pelo zod.[39m
2026-05-06 15:02:54:254 [35mhttp[39m: [35mPOST /users 400 188 - 0.322 ms[39m
2026-05-06 15:02:55:255 [33mwarn[39m: [33mTentativa de envio de dados invalidos barrada pelo zod.[39m
2026-05-06 15:02:55:255 [35mhttp[39m: [35mPOST /users 400 188 - 0.448 ms[39m
2026-05-06 15:02:55:255 [33mwarn[39m: [33mTentativa de envio de dados invalidos barrada pelo zod.[39m
2026-05-06 15:02:55:255 [35mhttp[39m: [35mPOST /users 400 188 - 0.395 ms[39m
2026-05-06 15:02:55:255 [33mwarn[39m: [33mTentativa de envio de dados invalidos barrada pelo zod.[39m
2026-05-06 15:02:55:255 [35mhttp[39m: [35mPOST /users 400 188 - 0.393 ms[39m
2026-05-06 15:03:19:319 [33mwarn[39m: [33mTentativa de envio de dados invalidos barrada pelo zod.[39m
2026-05-06 15:03:19:319 [35mhttp[39m: [35mPOST /users 400 188 - 0.392 ms[39m
2026-05-06 15:04:19:419 [33mwarn[39m: [33mTentativa de envio de dados invalidos barrada pelo zod.[39m
2026-05-06 15:04:19:419 [35mhttp[39m: [35mPOST /users 400 188 - 0.381 ms[39m
2026-05-06 15:04:57:457 [32minfo[39m: [32mUsuário melo criado com sucesso![39m
2026-05-06 15:04:57:457 [35mhttp[39m: [35mPOST /users 201 89 - 52.836 ms[39m
2026-05-06 15:06:52:652 [35mhttp[39m: [35mGET /login 404 144 - 0.110 ms[39m
2026-05-06 15:07:02:72 [35mhttp[39m: [35mPOST /login 200 284 - 46.806 ms[39m
2026-05-06 15:07:32:732 [35mhttp[39m: [35mGET /users 200 161 - 3.716 ms[39m
2026-05-06 16:17:56:1756 [32minfo[39m: [32m🚀 Servidor a correr na porta 3000[39m
2026-05-06 16:18:32:1832 [32minfo[39m: [32m🚀 Servidor a correr na porta 3000[39m
2026-05-06 16:19:04:194 [32minfo[39m: [32m🚀 Servidor a correr na porta 3000[39m
2026-05-06 16:22:54:2254 [32minfo[39m: [32m🚀 Servidor a correr na porta 3000[39m
2026-05-06 16:22:56:2256 [35mhttp[39m: [35mPOST /login 200 284 - 59.048 ms[39m
2026-05-06 16:24:18:2418 [31merror[39m: [31mErro ao fazer login: Error: User not found[39m
2026-05-06 16:24:18:2418 [35mhttp[39m: [35mPOST /login 401 26 - 3.229 ms[39m
2026-05-06 16:24:30:2430 [32minfo[39m: [32mFornecedor Fornecedor Teste criado com sucesso![39m
2026-05-06 16:24:30:2430 [35mhttp[39m: [35mPOST /fornecedor 201 448 - 15.375 ms[39m
2026-05-06 16:24:42:2442 [35mhttp[39m: [35mGET /fornecedor 200 450 - 4.891 ms[39m
2026-05-06 16:24:48:2448 [35mhttp[39m: [35mGET /fornecedor/1 200 448 - 3.853 ms[39m
2026-05-06 16:25:08:258 [35mhttp[39m: [35mPUT /fornecedor/1 200 454 - 9.488 ms[39m
2026-05-06 16:31:28:3128 [35mhttp[39m: [35mPUT /fornecedor/1 200 454 - 22.157 ms[39m
2026-05-06 16:31:32:3132 [35mhttp[39m: [35mDELETE /fornecedor/1 200 47 - 13.445 ms[39m
2026-05-06 16:33:18:3318 [35mhttp[39m: [35mDELETE /fornecedor 404 152 - 0.721 ms[39m
2026-05-06 16:33:22:3322 [35mhttp[39m: [35mDELETE /fornecedor 404 152 - 0.156 ms[39m
2026-05-06 16:33:27:3327 [35mhttp[39m: [35mPOST /fornecedor 401 53 - 0.127 ms[39m
2026-05-06 16:33:47:3347 [32minfo[39m: [32mFornecedor Fornecedor Teste criado com sucesso![39m
2026-05-06 16:33:47:3347 [35mhttp[39m: [35mPOST /fornecedor 201 448 - 13.042 ms[39m
2026-05-06 16:33:58:3358 [31merror[39m: [31mErro ao excluir fornecedor: PrismaClientKnownRequestError: [39m
[31mInvalid `prisma.fornecedor.delete()` invocation in[39m
[31mC:\Users\gustavo.mlima10\OneDrive - SENAC - SP\Documentos\api-gustavo\express-api\src\services\fornecedor.services.ts:74:42[39m

[31m  71 // Remove relacionamentos primeiro para respeitar as foreign keys[39m
[31m  72 await prisma.telefoneFornecedor.deleteMany({ where: { fornecedorId: idFornecedor } });[39m
[31m  73 await prisma.enderecoFornecedor.deleteMany({ where: { fornecedorId: idFornecedor } });[39m
[31m→ 74 return await prisma.fornecedor.delete([39m
[31mAn operation failed because it depends on one or more records that were required but not found. Record to delete does not exist.[39m
2026-05-06 16:33:58:3358 [35mhttp[39m: [35mDELETE /fornecedor/1 404 39 - 10.251 ms[39m
2026-05-07 13:44:25:4425 [32minfo[39m: [32m🚀 Servidor a correr na porta 3000[39m
2026-05-07 13:44:37:4437 [31merror[39m: [31mErro ao excluir fornecedor: PrismaClientKnownRequestError: [39m
[31mInvalid `prisma.fornecedor.delete()` invocation in[39m
[31mC:\Users\gustavo.mlima10\OneDrive - SENAC - SP\Documentos\api-gustavo\express-api\src\services\fornecedor.services.ts:74:42[39m

[31m  71 // Remove relacionamentos primeiro para respeitar as foreign keys[39m
[31m  72 await prisma.telefoneFornecedor.deleteMany({ where: { fornecedorId: idFornecedor } });[39m
[31m  73 await prisma.enderecoFornecedor.deleteMany({ where: { fornecedorId: idFornecedor } });[39m
[31m→ 74 return await prisma.fornecedor.delete([39m
[31mAn operation failed because it depends on one or more records that were required but not found. Record to delete does not exist.[39m
2026-05-07 13:44:37:4437 [35mhttp[39m: [35mDELETE /fornecedor/1 404 39 - 61.520 ms[39m
2026-05-07 13:46:43:4643 [31merror[39m: [31mErro ao criar fornecedor: PrismaClientKnownRequestError: [39m
[31mInvalid `prisma.fornecedor.create()` invocation in[39m
[31mC:\Users\gustavo.mlima10\OneDrive - SENAC - SP\Documentos\api-gustavo\express-api\src\services\fornecedor.services.ts:19:36[39m

[31m  16 }) => {[39m
[31m  17     const { telefones, enderecos, ...fornecedorData } = data;[39m
[31m  18 [39m
[31m→ 19     return await prisma.fornecedor.create([39m
[31mUnique constraint failed on the fields: (`documento`)[39m
2026-05-07 13:46:43:4643 [35mhttp[39m: [35mPOST /fornecedor 400 56 - 20.316 ms[39m
2026-05-07 13:46:57:4657 [31merror[39m: [31mErro ao excluir fornecedor: PrismaClientKnownRequestError: [39m
[31mInvalid `prisma.fornecedor.delete()` invocation in[39m
[31mC:\Users\gustavo.mlima10\OneDrive - SENAC - SP\Documentos\api-gustavo\express-api\src\services\fornecedor.services.ts:74:42[39m

[31m  71 // Remove relacionamentos primeiro para respeitar as foreign keys[39m
[31m  72 await prisma.telefoneFornecedor.deleteMany({ where: { fornecedorId: idFornecedor } });[39m
[31m  73 await prisma.enderecoFornecedor.deleteMany({ where: { fornecedorId: idFornecedor } });[39m
[31m→ 74 return await prisma.fornecedor.delete([39m
[31mAn operation failed because it depends on one or more records that were required but not found. Record to delete does not exist.[39m
2026-05-07 13:46:57:4657 [35mhttp[39m: [35mDELETE /fornecedor/1 404 39 - 6.393 ms[39m
2026-05-07 13:46:58:4658 [31merror[39m: [31mErro ao excluir fornecedor: PrismaClientKnownRequestError: [39m
[31mInvalid `prisma.fornecedor.delete()` invocation in[39m
[31mC:\Users\gustavo.mlima10\OneDrive - SENAC - SP\Documentos\api-gustavo\express-api\src\services\fornecedor.services.ts:74:42[39m

[31m  71 // Remove relacionamentos primeiro para respeitar as foreign keys[39m
[31m  72 await prisma.telefoneFornecedor.deleteMany({ where: { fornecedorId: idFornecedor } });[39m
[31m  73 await prisma.enderecoFornecedor.deleteMany({ where: { fornecedorId: idFornecedor } });[39m
[31m→ 74 return await prisma.fornecedor.delete([39m
[31mAn operation failed because it depends on one or more records that were required but not found. Record to delete does not exist.[39m
2026-05-07 13:46:58:4658 [35mhttp[39m: [35mDELETE /fornecedor/1 404 39 - 5.206 ms[39m
2026-05-07 13:47:01:471 [31merror[39m: [31mErro ao excluir fornecedor: PrismaClientKnownRequestError: [39m
[31mInvalid `prisma.fornecedor.delete()` invocation in[39m
[31mC:\Users\gustavo.mlima10\OneDrive - SENAC - SP\Documentos\api-gustavo\express-api\src\services\fornecedor.services.ts:74:42[39m

[31m  71 // Remove relacionamentos primeiro para respeitar as foreign keys[39m
[31m  72 await prisma.telefoneFornecedor.deleteMany({ where: { fornecedorId: idFornecedor } });[39m
[31m  73 await prisma.enderecoFornecedor.deleteMany({ where: { fornecedorId: idFornecedor } });[39m
[31m→ 74 return await prisma.fornecedor.delete([39m
[31mAn operation failed because it depends on one or more records that were required but not found. Record to delete does not exist.[39m
2026-05-07 13:47:01:471 [35mhttp[39m: [35mDELETE /fornecedor/1 404 39 - 6.732 ms[39m
2026-05-07 13:47:01:471 [31merror[39m: [31mErro ao excluir fornecedor: PrismaClientKnownRequestError: [39m
[31mInvalid `prisma.fornecedor.delete()` invocation in[39m
[31mC:\Users\gustavo.mlima10\OneDrive - SENAC - SP\Documentos\api-gustavo\express-api\src\services\fornecedor.services.ts:74:42[39m

[31m  71 // Remove relacionamentos primeiro para respeitar as foreign keys[39m
[31m  72 await prisma.telefoneFornecedor.deleteMany({ where: { fornecedorId: idFornecedor } });[39m
[31m  73 await prisma.enderecoFornecedor.deleteMany({ where: { fornecedorId: idFornecedor } });[39m
[31m→ 74 return await prisma.fornecedor.delete([39m
[31mAn operation failed because it depends on one or more records that were required but not found. Record to delete does not exist.[39m
2026-05-07 13:47:01:471 [35mhttp[39m: [35mDELETE /fornecedor/1 404 39 - 5.395 ms[39m
2026-05-07 13:47:02:472 [31merror[39m: [31mErro ao excluir fornecedor: PrismaClientKnownRequestError: [39m
[31mInvalid `prisma.fornecedor.delete()` invocation in[39m
[31mC:\Users\gustavo.mlima10\OneDrive - SENAC - SP\Documentos\api-gustavo\express-api\src\services\fornecedor.services.ts:74:42[39m

[31m  71 // Remove relacionamentos primeiro para respeitar as foreign keys[39m
[31m  72 await prisma.telefoneFornecedor.deleteMany({ where: { fornecedorId: idFornecedor } });[39m
[31m  73 await prisma.enderecoFornecedor.deleteMany({ where: { fornecedorId: idFornecedor } });[39m
[31m→ 74 return await prisma.fornecedor.delete([39m
[31mAn operation failed because it depends on one or more records that were required but not found. Record to delete does not exist.[39m
2026-05-07 13:47:02:472 [35mhttp[39m: [35mDELETE /fornecedor/1 404 39 - 5.789 ms[39m
2026-05-07 13:47:02:472 [31merror[39m: [31mErro ao excluir fornecedor: PrismaClientKnownRequestError: [39m
[31mInvalid `prisma.fornecedor.delete()` invocation in[39m
[31mC:\Users\gustavo.mlima10\OneDrive - SENAC - SP\Documentos\api-gustavo\express-api\src\services\fornecedor.services.ts:74:42[39m

[31m  71 // Remove relacionamentos primeiro para respeitar as foreign keys[39m
[31m  72 await prisma.telefoneFornecedor.deleteMany({ where: { fornecedorId: idFornecedor } });[39m
[31m  73 await prisma.enderecoFornecedor.deleteMany({ where: { fornecedorId: idFornecedor } });[39m
[31m→ 74 return await prisma.fornecedor.delete([39m
[31mAn operation failed because it depends on one or more records that were required but not found. Record to delete does not exist.[39m
2026-05-07 13:47:02:472 [35mhttp[39m: [35mDELETE /fornecedor/1 404 39 - 5.216 ms[39m
2026-05-07 13:47:09:479 [35mhttp[39m: [35mGET /fornecedor/1 404 39 - 2.926 ms[39m
2026-05-07 13:47:16:4716 [35mhttp[39m: [35mGET /fornecedor 200 450 - 6.164 ms[39m
2026-05-07 13:47:27:4727 [35mhttp[39m: [35mDELETE /fornecedor/2 200 47 - 11.788 ms[39m
2026-05-07 13:49:48:4948 [32minfo[39m: [32mFornecedor Fornecedor Teste criado com sucesso![39m
2026-05-07 13:49:48:4948 [35mhttp[39m: [35mPOST /fornecedor 201 448 - 36.831 ms[39m
2026-05-07 13:49:57:4957 [35mhttp[39m: [35mGET /fornecedor 200 450 - 4.373 ms[39m
2026-05-07 13:50:24:5024 [32minfo[39m: [32mFornecedor Fornecedor criado com sucesso![39m
2026-05-07 13:50:24:5024 [35mhttp[39m: [35mPOST /fornecedor 201 442 - 10.367 ms[39m
2026-05-07 13:50:29:5029 [35mhttp[39m: [35mGET /fornecedor 200 893 - 10.076 ms[39m
2026-05-07 13:51:58:5158 [35mhttp[39m: [35mDELETE /fornecedor/4 200 47 - 11.198 ms[39m
2026-05-07 13:52:01:521 [35mhttp[39m: [35mDELETE /fornecedor/5 200 47 - 7.470 ms[39m
2026-05-07 13:52:11:5211 [32minfo[39m: [32mFornecedor Fornecedor criado com sucesso![39m
2026-05-07 13:52:11:5211 [35mhttp[39m: [35mPOST /fornecedor 201 442 - 10.249 ms[39m
2026-05-07 13:52:44:5244 [35mhttp[39m: [35mGET /fornecedor 200 444 - 3.848 ms[39m
2026-05-07 13:53:21:5321 [35mhttp[39m: [35mPUT /fornecedor 404 149 - 0.495 ms[39m
2026-05-07 13:53:31:5331 [35mhttp[39m: [35mGET /fornecedor 200 444 - 4.161 ms[39m
2026-05-07 13:53:37:5337 [35mhttp[39m: [35mPUT /fornecedor/6 200 454 - 7.922 ms[39m
2026-05-07 13:53:57:5357 [35mhttp[39m: [35mDELETE /fornecedor/6 200 47 - 11.112 ms[39m
